exports[`test it renders counter 1`] = `
<span>
  Counted so far: 
  <span
    style={
      Object {
        "color": "orangered",
      }
    }>
    0
  </span>
</span>
`;
